[INFO] Scanning for projects...
[INFO] ------------------------------------------------------------------------
[INFO] Reactor Build Order:
[INFO] 
[INFO] Planning Poker - Room Service                                      [jar]
[INFO] Planning Poker - Vote Service                                      [jar]
[INFO] Planning Poker - Audit Service                                     [jar]
[INFO] 
[INFO] -------------------< com.lufthansa:pp-room-service >--------------------
[INFO] Building Planning Poker - Room Service 0.0.1-SNAPSHOT              [1/3]
[INFO]   from pom.xml
[INFO] --------------------------------[ jar ]---------------------------------
[INFO] 
[INFO] --- clean:3.4.0:clean (default-clean) @ pp-room-service ---
[INFO] Deleting C:\Users\Matilda Dervishaj\Documents\STUFF\LUFTHANSA\planning-poker\pp-room-service\target
[INFO] 
[INFO] --- jacoco:0.8.11:prepare-agent (default) @ pp-room-service ---
[INFO] argLine set to "-javaagent:C:\\Users\\Matilda Dervishaj\\.m2\\repository\\org\\jacoco\\org.jacoco.agent\\0.8.11\\org.jacoco.agent-0.8.11-runtime.jar=destfile=C:\\Users\\Matilda Dervishaj\\Documents\\STUFF\\LUFTHANSA\\planning-poker\\pp-room-service\\target\\jacoco.exec"
[INFO] 
[INFO] --- resources:3.3.1:resources (default-resources) @ pp-room-service ---
[INFO] Copying 1 resource from src\main\resources to target\classes
[INFO] Copying 5 resources from src\main\resources to target\classes
[INFO] 
[INFO] --- compiler:3.13.0:compile (default-compile) @ pp-room-service ---
[INFO] Recompiling the module because of changed source code.
[INFO] Compiling 37 source files with javac [debug parameters release 17] to target\classes
[INFO] 
[INFO] --- resources:3.3.1:testResources (default-testResources) @ pp-room-service ---
[INFO] Copying 1 resource from src\test\resources to target\test-classes
[INFO] 
[INFO] --- compiler:3.13.0:testCompile (default-testCompile) @ pp-room-service ---
[INFO] Recompiling the module because of changed dependency.
[INFO] Compiling 6 source files with javac [debug parameters release 17] to target\test-classes
[INFO] 
[INFO] --- surefire:3.5.2:test (default-test) @ pp-room-service ---
[INFO] Using auto detected provider org.apache.maven.surefire.junitplatform.JUnitPlatformProvider
[INFO] 
[INFO] -------------------------------------------------------
[INFO]  T E S T S
[INFO] -------------------------------------------------------
[INFO] 
[INFO] Results:
[INFO] 
Terminate batch job (Y/N)? ^CTerminate batch job (Y/N)? Terminate batch job (Y/N)? 
^C